Catálogo V4 restaurado de cache: 37526
Catálogo=37526; anchors=25329; mappings=2255; NOT_LISTED candidatos estrictos=461; pilot=199
[1/199] GCD=21797 The Incredible Hulk #102 -> Incredible Hulk (1962 - 1999) #102
[2/199] GCD=21869 The Incredible Hulk #103 -> Incredible Hulk (1962 - 1999) #103
[3/199] GCD=21940 The Incredible Hulk #104 -> Incredible Hulk (1962 - 1999) #104
[4/199] GCD=22016 The Incredible Hulk #105 -> Incredible Hulk (1962 - 1999) #105
[5/199] GCD=22092 The Incredible Hulk #106 -> Incredible Hulk (1962 - 1999) #106
[6/199] GCD=22172 The Incredible Hulk #107 -> Incredible Hulk (1962 - 1999) #107
[7/199] GCD=22247 The Incredible Hulk #108 -> Incredible Hulk (1962 - 1999) #108
[8/199] GCD=22330 The Incredible Hulk #109 -> Incredible Hulk (1962 - 1999) #109
[9/199] GCD=22401 The Incredible Hulk #110 -> Incredible Hulk (1962 - 1999) #110
[10/199] GCD=22469 The Incredible Hulk #111 -> Incredible Hulk (1962 - 1999) #111
[11/199] GCD=22532 The Incredible Hulk #112 -> Incredible Hulk (1962 - 1999) #112
[12/199] GCD=22596 The Incredible Hulk #113 -> Incredible Hulk (1962 - 1999) #113
[13/199] GCD=22661 The Incredible Hulk #114 -> Incredible Hulk (1962 - 1999) #114
[14/199] GCD=22724 The Incredible Hulk #115 -> Incredible Hulk (1962 - 1999) #115
[15/199] GCD=22789 The Incredible Hulk #116 -> Incredible Hulk (1962 - 1999) #116
[16/199] GCD=22844 The Incredible Hulk #117 -> Incredible Hulk (1962 - 1999) #117
[17/199] GCD=22906 The Incredible Hulk #118 -> Incredible Hulk (1962 - 1999) #118
[18/199] GCD=22969 The Incredible Hulk #119 -> Incredible Hulk (1962 - 1999) #119
[19/199] GCD=23041 The Incredible Hulk #120 -> Incredible Hulk (1962 - 1999) #120
[20/199] GCD=23101 The Incredible Hulk #121 -> Incredible Hulk (1962 - 1999) #121
[21/199] GCD=23170 The Incredible Hulk #122 -> Incredible Hulk (1962 - 1999) #122
[22/199] GCD=23233 The Incredible Hulk #123 -> Incredible Hulk (1962 - 1999) #123
[23/199] GCD=23292 The Incredible Hulk #124 -> Incredible Hulk (1962 - 1999) #124
[24/199] GCD=23347 The Incredible Hulk #125 -> Incredible Hulk (1962 - 1999) #125
[25/199] GCD=23405 The Incredible Hulk #126 -> Incredible Hulk (1962 - 1999) #126
[26/199] GCD=23464 The Incredible Hulk #127 -> Incredible Hulk (1962 - 1999) #127
[27/199] GCD=23531 The Incredible Hulk #128 -> Incredible Hulk (1962 - 1999) #128
[28/199] GCD=23584 The Incredible Hulk #129 -> Incredible Hulk (1962 - 1999) #129
[29/199] GCD=23653 The Incredible Hulk #130 -> Incredible Hulk (1962 - 1999) #130
[30/199] GCD=23716 The Incredible Hulk #131 -> Incredible Hulk (1962 - 1999) #131
[31/199] GCD=23778 The Incredible Hulk #132 -> Incredible Hulk (1962 - 1999) #132
[32/199] GCD=23836 The Incredible Hulk #133 -> Incredible Hulk (1962 - 1999) #133
[33/199] GCD=23901 The Incredible Hulk #134 -> Incredible Hulk (1962 - 1999) #134
[34/199] GCD=23977 The Incredible Hulk #135 -> Incredible Hulk (1962 - 1999) #135
[35/199] GCD=24045 The Incredible Hulk #136 -> Incredible Hulk (1962 - 1999) #136
[36/199] GCD=24100 The Incredible Hulk #137 -> Incredible Hulk (1962 - 1999) #137
[37/199] GCD=24167 The Incredible Hulk #138 -> Incredible Hulk (1962 - 1999) #138
[38/199] GCD=24231 The Incredible Hulk #139 -> Incredible Hulk (1962 - 1999) #139
[39/199] GCD=24299 The Incredible Hulk #140 -> Incredible Hulk (1962 - 1999) #140
[40/199] GCD=24363 The Incredible Hulk #141 -> Incredible Hulk (1962 - 1999) #141
[41/199] GCD=24429 The Incredible Hulk #142 -> Incredible Hulk (1962 - 1999) #142
[42/199] GCD=24496 The Incredible Hulk #143 -> Incredible Hulk (1962 - 1999) #143
[43/199] GCD=24570 The Incredible Hulk #144 -> Incredible Hulk (1962 - 1999) #144
[44/199] GCD=24639 The Incredible Hulk #145 -> Incredible Hulk (1962 - 1999) #145
[45/199] GCD=24710 The Incredible Hulk #146 -> Incredible Hulk (1962 - 1999) #146
[46/199] GCD=24803 The Incredible Hulk #147 -> Incredible Hulk (1962 - 1999) #147
[47/199] GCD=24880 The Incredible Hulk #148 -> Incredible Hulk (1962 - 1999) #148
[48/199] GCD=24949 The Incredible Hulk #149 -> Incredible Hulk (1962 - 1999) #149
[49/199] GCD=25029 The Incredible Hulk #150 -> Incredible Hulk (1962 - 1999) #150
[50/199] GCD=25107 The Incredible Hulk #151 -> Incredible Hulk (1962 - 1999) #151
[51/199] GCD=25194 The Incredible Hulk #152 -> Incredible Hulk (1962 - 1999) #152
[52/199] GCD=25275 The Incredible Hulk #153 -> Incredible Hulk (1962 - 1999) #153
[53/199] GCD=25368 The Incredible Hulk #154 -> Incredible Hulk (1962 - 1999) #154
[54/199] GCD=25438 The Incredible Hulk #155 -> Incredible Hulk (1962 - 1999) #155
[55/199] GCD=25547 The Incredible Hulk #156 -> Incredible Hulk (1962 - 1999) #156
[56/199] GCD=25632 The Incredible Hulk #157 -> Incredible Hulk (1962 - 1999) #157
[57/199] GCD=25732 The Incredible Hulk #158 -> Incredible Hulk (1962 - 1999) #158
[58/199] GCD=25834 The Incredible Hulk #159 -> Incredible Hulk (1962 - 1999) #159
[59/199] GCD=25938 The Incredible Hulk #160 -> Incredible Hulk (1962 - 1999) #160
[60/199] GCD=26030 The Incredible Hulk #161 -> Incredible Hulk (1962 - 1999) #161
[61/199] GCD=26139 The Incredible Hulk #162 -> Incredible Hulk (1962 - 1999) #162
[62/199] GCD=26214 The Incredible Hulk #163 -> Incredible Hulk (1962 - 1999) #163
[63/199] GCD=26320 The Incredible Hulk #164 -> Incredible Hulk (1962 - 1999) #164
[64/199] GCD=26438 The Incredible Hulk #165 -> Incredible Hulk (1962 - 1999) #165
[65/199] GCD=26540 The Incredible Hulk #166 -> Incredible Hulk (1962 - 1999) #166
[66/199] GCD=26645 The Incredible Hulk #167 -> Incredible Hulk (1962 - 1999) #167
[67/199] GCD=26665 Strange Tales #169 -> Strange Tales (1951 - 1968) #169
[68/199] GCD=26771 The Incredible Hulk #168 -> Incredible Hulk (1962 - 1999) #168
[69/199] GCD=26789 Strange Tales #170 -> Strange Tales (1951 - 1968) #170
[70/199] GCD=26880 The Incredible Hulk #169 -> Incredible Hulk (1962 - 1999) #169
[71/199] GCD=26988 Strange Tales #171 -> Strange Tales (1951 - 1968) #171
[72/199] GCD=26979 The Incredible Hulk #170 -> Incredible Hulk (1962 - 1999) #170
[73/199] GCD=27094 The Incredible Hulk #171 -> Incredible Hulk (1962 - 1999) #171
[74/199] GCD=27171 The Incredible Hulk #172 -> Incredible Hulk (1962 - 1999) #172
[75/199] GCD=27185 Strange Tales #172 -> Strange Tales (1951 - 1968) #172
[76/199] GCD=27245 The Incredible Hulk #173 -> Incredible Hulk (1962 - 1999) #173
[77/199] GCD=27321 The Incredible Hulk #174 -> Incredible Hulk (1962 - 1999) #174
[78/199] GCD=27333 Strange Tales #173 -> Strange Tales (1951 - 1968) #173
[79/199] GCD=27399 The Incredible Hulk #175 -> Incredible Hulk (1962 - 1999) #175
[80/199] GCD=27478 The Incredible Hulk #176 -> Incredible Hulk (1962 - 1999) #176
[81/199] GCD=27491 Strange Tales #174 -> Strange Tales (1951 - 1968) #174
[82/199] GCD=27567 The Incredible Hulk #177 -> Incredible Hulk (1962 - 1999) #177
[83/199] GCD=27645 The Incredible Hulk #178 -> Incredible Hulk (1962 - 1999) #178
[84/199] GCD=27744 The Incredible Hulk #179 -> Incredible Hulk (1962 - 1999) #179
[85/199] GCD=27833 The Incredible Hulk #180 -> Incredible Hulk (1962 - 1999) #180
[86/199] GCD=27934 The Incredible Hulk #181 -> Incredible Hulk (1962 - 1999) #181
[87/199] GCD=28021 The Incredible Hulk #182 -> Incredible Hulk (1962 - 1999) #182
[88/199] GCD=28156 The Incredible Hulk #183 -> Incredible Hulk (1962 - 1999) #183
[89/199] GCD=28254 The Incredible Hulk #184 -> Incredible Hulk (1962 - 1999) #184
[90/199] GCD=28270 Strange Tales #178 -> Strange Tales (1951 - 1968) #178
[91/199] GCD=28354 The Incredible Hulk #185 -> Incredible Hulk (1962 - 1999) #185
[92/199] GCD=28568 The Incredible Hulk #187 -> Incredible Hulk (1962 - 1999) #187
[93/199] GCD=28463 The Incredible Hulk #186 -> Incredible Hulk (1962 - 1999) #186
[94/199] GCD=28478 Strange Tales #179 -> Strange Tales (1951 - 1968) #179
[95/199] GCD=28671 The Incredible Hulk #188 -> Incredible Hulk (1962 - 1999) #188
[96/199] GCD=28686 Strange Tales #180 -> Strange Tales (1951 - 1968) #180
[97/199] GCD=28785 The Incredible Hulk #189 -> Incredible Hulk (1962 - 1999) #189
[98/199] GCD=28896 The Incredible Hulk #190 -> Incredible Hulk (1962 - 1999) #190
[99/199] GCD=28913 Strange Tales #181 -> Strange Tales (1951 - 1968) #181
[100/199] GCD=29005 The Incredible Hulk #191 -> Incredible Hulk (1962 - 1999) #191
[101/199] GCD=29116 The Incredible Hulk #192 -> Incredible Hulk (1962 - 1999) #192
[102/199] GCD=29224 The Incredible Hulk #193 -> Incredible Hulk (1962 - 1999) #193
[103/199] GCD=29319 The Incredible Hulk #194 -> Incredible Hulk (1962 - 1999) #194
[104/199] GCD=29468 The Incredible Hulk #195 -> Incredible Hulk (1962 - 1999) #195
[105/199] GCD=29554 The Incredible Hulk #196 -> Incredible Hulk (1962 - 1999) #196
[106/199] GCD=29650 The Incredible Hulk #197 -> Incredible Hulk (1962 - 1999) #197
[107/199] GCD=29747 The Incredible Hulk #198 -> Incredible Hulk (1962 - 1999) #198
[108/199] GCD=29837 The Incredible Hulk #199 -> Incredible Hulk (1962 - 1999) #199
[109/199] GCD=29921 The Incredible Hulk #200 -> Incredible Hulk (1962 - 1999) #200
[110/199] GCD=30018 The Incredible Hulk #201 -> Incredible Hulk (1962 - 1999) #201
[111/199] GCD=30115 The Incredible Hulk #202 -> Incredible Hulk (1962 - 1999) #202
[112/199] GCD=30211 The Incredible Hulk #203 -> Incredible Hulk (1962 - 1999) #203
[113/199] GCD=30317 The Incredible Hulk #204 -> Incredible Hulk (1962 - 1999) #204
[114/199] GCD=30421 The Incredible Hulk #205 -> Incredible Hulk (1962 - 1999) #205
[115/199] GCD=30515 The Incredible Hulk #206 -> Incredible Hulk (1962 - 1999) #206
[116/199] GCD=30670 The Incredible Hulk #207 -> Incredible Hulk (1962 - 1999) #207
[117/199] GCD=30759 The Incredible Hulk #208 -> Incredible Hulk (1962 - 1999) #208
[118/199] GCD=30853 The Incredible Hulk #209 -> Incredible Hulk (1962 - 1999) #209
[119/199] GCD=30944 The Incredible Hulk #210 -> Incredible Hulk (1962 - 1999) #210
[120/199] GCD=31040 The Incredible Hulk #211 -> Incredible Hulk (1962 - 1999) #211
[121/199] GCD=31123 The Incredible Hulk #212 -> Incredible Hulk (1962 - 1999) #212
[122/199] GCD=31231 The Incredible Hulk #213 -> Incredible Hulk (1962 - 1999) #213
[123/199] GCD=31328 The Incredible Hulk #214 -> Incredible Hulk (1962 - 1999) #214
[124/199] GCD=31437 The Incredible Hulk #215 -> Incredible Hulk (1962 - 1999) #215
[125/199] GCD=31543 The Incredible Hulk #216 -> Incredible Hulk (1962 - 1999) #216
[126/199] GCD=31645 The Incredible Hulk #217 -> Incredible Hulk (1962 - 1999) #217
[127/199] GCD=31734 The Incredible Hulk #218 -> Incredible Hulk (1962 - 1999) #218
[128/199] GCD=31870 The Incredible Hulk #219 -> Incredible Hulk (1962 - 1999) #219
[129/199] GCD=31962 The Incredible Hulk #220 -> Incredible Hulk (1962 - 1999) #220
[130/199] GCD=32051 The Incredible Hulk #221 -> Incredible Hulk (1962 - 1999) #221
[131/199] GCD=32147 The Incredible Hulk #222 -> Incredible Hulk (1962 - 1999) #222
[132/199] GCD=32241 The Incredible Hulk #223 -> Incredible Hulk (1962 - 1999) #223
[133/199] GCD=32332 The Incredible Hulk #224 -> Incredible Hulk (1962 - 1999) #224
[134/199] GCD=32422 The Incredible Hulk #225 -> Incredible Hulk (1962 - 1999) #225
[135/199] GCD=32514 The Incredible Hulk #226 -> Incredible Hulk (1962 - 1999) #226
[136/199] GCD=32603 The Incredible Hulk #227 -> Incredible Hulk (1962 - 1999) #227
[137/199] GCD=32692 The Incredible Hulk #228 -> Incredible Hulk (1962 - 1999) #228
[138/199] GCD=32769 The Incredible Hulk #229 -> Incredible Hulk (1962 - 1999) #229
[139/199] GCD=32857 The Incredible Hulk #230 -> Incredible Hulk (1962 - 1999) #230
[140/199] GCD=33025 The Incredible Hulk #231 -> Incredible Hulk (1962 - 1999) #231
[141/199] GCD=33135 The Incredible Hulk #232 -> Incredible Hulk (1962 - 1999) #232
[142/199] GCD=33215 The Incredible Hulk #233 -> Incredible Hulk (1962 - 1999) #233
[143/199] GCD=33287 The Incredible Hulk #234 -> Incredible Hulk (1962 - 1999) #234
[144/199] GCD=33369 The Incredible Hulk #235 -> Incredible Hulk (1962 - 1999) #235
[145/199] GCD=33449 The Incredible Hulk #236 -> Incredible Hulk (1962 - 1999) #236
[146/199] GCD=33524 The Incredible Hulk #237 -> Incredible Hulk (1962 - 1999) #237
[147/199] GCD=33602 The Incredible Hulk #238 -> Incredible Hulk (1962 - 1999) #238
[148/199] GCD=33688 The Incredible Hulk #239 -> Incredible Hulk (1962 - 1999) #239
[149/199] GCD=33763 The Incredible Hulk #240 -> Incredible Hulk (1962 - 1999) #240
[150/199] GCD=33849 The Incredible Hulk #241 -> Incredible Hulk (1962 - 1999) #241
[151/199] GCD=33925 The Incredible Hulk #242 -> Incredible Hulk (1962 - 1999) #242
[152/199] GCD=34052 The Incredible Hulk #243 -> Incredible Hulk (1962 - 1999) #243
[153/199] GCD=34130 The Incredible Hulk #244 -> Incredible Hulk (1962 - 1999) #244
[154/199] GCD=34213 The Incredible Hulk #245 -> Incredible Hulk (1962 - 1999) #245
[155/199] GCD=34290 The Incredible Hulk #246 -> Incredible Hulk (1962 - 1999) #246
[156/199] GCD=34376 The Incredible Hulk #247 -> Incredible Hulk (1962 - 1999) #247
[157/199] GCD=34454 The Incredible Hulk #248 -> Incredible Hulk (1962 - 1999) #248
[158/199] GCD=34536 The Incredible Hulk #249 -> Incredible Hulk (1962 - 1999) #249
[159/199] GCD=34610 The Incredible Hulk #250 -> Incredible Hulk (1962 - 1999) #250
[160/199] GCD=34691 The Incredible Hulk #251 -> Incredible Hulk (1962 - 1999) #251
[161/199] GCD=34770 The Incredible Hulk #252 -> Incredible Hulk (1962 - 1999) #252
[162/199] GCD=34845 The Incredible Hulk #253 -> Incredible Hulk (1962 - 1999) #253
[163/199] GCD=34919 The Incredible Hulk #254 -> Incredible Hulk (1962 - 1999) #254
[164/199] GCD=35039 The Incredible Hulk #255 -> Incredible Hulk (1962 - 1999) #255
[165/199] GCD=35113 The Incredible Hulk #256 -> Incredible Hulk (1962 - 1999) #256
[166/199] GCD=35193 The Incredible Hulk #257 -> Incredible Hulk (1962 - 1999) #257
[167/199] GCD=35269 The Incredible Hulk #258 -> Incredible Hulk (1962 - 1999) #258
[168/199] GCD=35339 The Incredible Hulk #259 -> Incredible Hulk (1962 - 1999) #259
[169/199] GCD=35406 The Incredible Hulk #260 -> Incredible Hulk (1962 - 1999) #260
[170/199] GCD=35489 The Incredible Hulk #261 -> Incredible Hulk (1962 - 1999) #261
[171/199] GCD=35564 The Incredible Hulk #262 -> Incredible Hulk (1962 - 1999) #262
[172/199] GCD=35644 The Incredible Hulk #263 -> Incredible Hulk (1962 - 1999) #263
[173/199] GCD=35736 The Incredible Hulk #264 -> Incredible Hulk (1962 - 1999) #264
[174/199] GCD=35809 The Incredible Hulk #265 -> Incredible Hulk (1962 - 1999) #265
[175/199] GCD=35886 The Incredible Hulk #266 -> Incredible Hulk (1962 - 1999) #266
[176/199] GCD=36022 The Incredible Hulk #267 -> Incredible Hulk (1962 - 1999) #267
[177/199] GCD=36105 The Incredible Hulk #268 -> Incredible Hulk (1962 - 1999) #268
[178/199] GCD=36193 The Incredible Hulk #269 -> Incredible Hulk (1962 - 1999) #269
[179/199] GCD=36278 The Incredible Hulk #270 -> Incredible Hulk (1962 - 1999) #270
[180/199] GCD=36363 The Incredible Hulk #271 -> Incredible Hulk (1962 - 1999) #271
[181/199] GCD=36440 The Incredible Hulk #272 -> Incredible Hulk (1962 - 1999) #272
[182/199] GCD=36515 The Incredible Hulk #273 -> Incredible Hulk (1962 - 1999) #273
[183/199] GCD=36596 The Incredible Hulk #274 -> Incredible Hulk (1962 - 1999) #274
[184/199] GCD=36671 The Incredible Hulk #275 -> Incredible Hulk (1962 - 1999) #275
[185/199] GCD=36755 The Incredible Hulk #276 -> Incredible Hulk (1962 - 1999) #276
[186/199] GCD=36834 The Incredible Hulk #277 -> Incredible Hulk (1962 - 1999) #277
[187/199] GCD=36920 The Incredible Hulk #278 -> Incredible Hulk (1962 - 1999) #278
[188/199] GCD=37052 The Incredible Hulk #279 -> Incredible Hulk (1962 - 1999) #279
[189/199] GCD=37131 The Incredible Hulk #280 -> Incredible Hulk (1962 - 1999) #280
[190/199] GCD=37225 The Incredible Hulk #281 -> Incredible Hulk (1962 - 1999) #281
[191/199] GCD=331290 New Avengers: Illuminati #1 -> New Avengers: Illuminati (2006 - 2008) #1
[192/199] GCD=331291 New Avengers: Illuminati #2 -> New Avengers: Illuminati (2006 - 2008) #2
[193/199] GCD=331292 New Avengers: Illuminati #3 -> New Avengers: Illuminati (2006 - 2008) #3
[194/199] GCD=331293 New Avengers: Illuminati #4 -> New Avengers: Illuminati (2006 - 2008) #4
[195/199] GCD=331294 New Avengers: Illuminati #5 -> New Avengers: Illuminati (2006 - 2008) #5
[196/199] GCD=2110772 Marvel Atlas #2 -> MARVEL ATLAS (2007 - 2008) #2
[197/199] GCD=695290 Amazing Spider-Man: Extra! #1 -> Amazing Spider-Man: Extra! (2008 - 2009) #1
[198/199] GCD=695292 Amazing Spider-Man: Extra! #3 -> Amazing Spider-Man: Extra! (2008 - 2009) #3
[199/199] GCD=1501524 Uncanny Avengers Annual #1 -> Uncanny Avengers Annual (2014) #1
file:///home/runner/work/marvel-orden-lectura/marvel-orden-lectura/scripts/pilot-marvel-not-listed-series-map-strict-v4.mjs:66
if(report.pilot.badSeriesEra||report.pilot.badDateWindow)throw new Error(`El piloto estricto produjo asociaciones fuera de época: era=${report.pilot.badSeriesEra} fecha=${report.pilot.badDateWindow}`);
                                                               ^

Error: El piloto estricto produjo asociaciones fuera de época: era=194 fecha=0
    at file:///home/runner/work/marvel-orden-lectura/marvel-orden-lectura/scripts/pilot-marvel-not-listed-series-map-strict-v4.mjs:66:64

Node.js v22.23.2
